Nothing to build in platform 'audioTop'

14:51:36 **** Incremental Build of configuration Debug for project audioSynth ****
make all 
'Building file: ../src/helloworld.c'
'Invoking: MicroBlaze gcc compiler'
mb-gcc -Wall -O0 -g3 -c -fmessage-length=0 -MT"src/helloworld.o" -IC:/Users/rohan/Downloads/Personal_FPGA_Projects/audio_synth/audioWorkspace/audioTop/export/audioTop/sw/audioTop/standalone_microblaze_0/bspinclude/include -mlittle-endian -mcpu=v11.0 -mxl-soft-mul -Wl,--no-relax -ffunction-sections -fdata-sections -MMD -MP -MF"src/helloworld.d" -MT"src/helloworld.o" -o "src/helloworld.o" "../src/helloworld.c"
'Finished building: ../src/helloworld.c'
' '
'Building target: audioSynth.elf'
'Invoking: MicroBlaze gcc linker'
mb-gcc -Wl,-T -Wl,../src/lscript.ld -LC:/Users/rohan/Downloads/Personal_FPGA_Projects/audio_synth/audioWorkspace/audioTop/export/audioTop/sw/audioTop/standalone_microblaze_0/bsplib/lib -mlittle-endian -mcpu=v11.0 -mxl-soft-mul -Wl,--no-relax -Wl,--gc-sections -o "audioSynth.elf"  ./src/helloworld.o ./src/platform.o   -Wl,--start-group,-lxil,-lgcc,-lc,--end-group
'Finished building target: audioSynth.elf'
' '
'Invoking: MicroBlaze Print Size'
mb-size audioSynth.elf  |tee "audioSynth.elf.size"
   text	   data	    bss	    dec	    hex	filename
   6800	    348	   3108	  10256	   2810	audioSynth.elf
'Finished building: audioSynth.elf.size'
' '
14:51:38 **** Incremental Build of configuration Debug for project audioSynth_system ****
make all 
Skipping SD card image generation. Reason: "The system project only has applications for microblaze processors."
